version https://git-lfs.github.com/spec/v1
oid sha256:cae2460b359bef312e03418f4649a04f28d6d7eddb525d17826eece8501240ed
size 89661440
